Archive member included to satisfy reference by file (symbol)

d:/7.0/toolchain/avr8/avr8-gnu-toolchain/bin/../lib/gcc/avr/5.4.0/avr51\libgcc.a(_exit.o)
                              D:/7.0/Packs/Atmel/ATmega_DFP/1.2.132/gcc/dev/atmega128a/avr51/crtatmega128a.o (exit)
d:/7.0/toolchain/avr8/avr8-gnu-toolchain/bin/../lib/gcc/avr/5.4.0/avr51\libgcc.a(_copy_data.o)
                              led_tests.o (__do_copy_data)

Discarded input sections

 .data          0x00000000        0x0 D:/7.0/Packs/Atmel/ATmega_DFP/1.2.132/gcc/dev/atmega128a/avr51/crtatmega128a.o
 .bss           0x00000000        0x0 D:/7.0/Packs/Atmel/ATmega_DFP/1.2.132/gcc/dev/atmega128a/avr51/crtatmega128a.o
 .text          0x00000000        0x0 i2c.o
 .data          0x00000000        0x0 i2c.o
 .bss           0x00000000        0x0 i2c.o
 .text.TWI_repeated_start
                0x00000000       0x1e i2c.o
 .text.TWI_read_address
                0x00000000       0x22 i2c.o
 .text.TWI_read_data
                0x00000000       0x22 i2c.o
 .text          0x00000000        0x0 led_tests.o
 .data          0x00000000        0x0 led_tests.o
 .bss           0x00000000        0x0 led_tests.o
 .rodata.str1.1
                0x00000000       0x60 led_tests.o
 .text.led_test_m_config
                0x00000000      0x1a4 led_tests.o
 .text.led_test_m_a
                0x00000000       0x32 led_tests.o
 .text.led_test_m_b
                0x00000000       0x32 led_tests.o
 .text.led_test_m_c
                0x00000000       0x32 led_tests.o
 .text.led_test_m_d
                0x00000000       0x32 led_tests.o
 .text.led_test_m_e
                0x00000000       0x32 led_tests.o
 .text.led_test_m_f
                0x00000000       0x32 led_tests.o
 .text.led_test_m_g
                0x00000000       0x32 led_tests.o
 .text.led_test_m_h
                0x00000000       0x32 led_tests.o
 .debug_info    0x00000000      0xaad led_tests.o
 .debug_abbrev  0x00000000      0x10b led_tests.o
 .debug_loc     0x00000000      0x977 led_tests.o
 .debug_aranges
                0x00000000       0x60 led_tests.o
 .debug_ranges  0x00000000       0x50 led_tests.o
 .debug_line    0x00000000      0x3f3 led_tests.o
 .debug_str     0x00000000      0x28a led_tests.o
 .comment       0x00000000       0x31 led_tests.o
 .debug_frame   0x00000000       0xb0 led_tests.o
 .text          0x00000000        0x0 main.o
 .data          0x00000000        0x0 main.o
 .bss           0x00000000        0x0 main.o
 .text          0x00000000        0x0 spi.o
 .data          0x00000000        0x0 spi.o
 .bss           0x00000000        0x0 spi.o
 .text.init_SPI_slave
                0x00000000        0xe spi.o
 .text.init_SPI
                0x00000000       0x1a spi.o
 .text.init_SPI_trans
                0x00000000       0x1e spi.o
 .text.SPI_send
                0x00000000       0x1c spi.o
 .text.SPI_transfer
                0x00000000        0xa spi.o
 .debug_info    0x00000000      0x14c spi.o
 .debug_abbrev  0x00000000       0xca spi.o
 .debug_loc     0x00000000       0x8a spi.o
 .debug_aranges
                0x00000000       0x40 spi.o
 .debug_ranges  0x00000000       0x30 spi.o
 .debug_line    0x00000000      0x131 spi.o
 .debug_str     0x00000000      0x20e spi.o
 .comment       0x00000000       0x31 spi.o
 .debug_frame   0x00000000       0x64 spi.o
 .text          0x00000000        0x0 timer.o
 .data          0x00000000        0x0 timer.o
 .bss           0x00000000        0x0 timer.o
 .text.timer_reset_two_sec
                0x00000000       0x20 timer.o
 .text.watch_dog
                0x00000000       0x24 timer.o
 .text.timer_wait_reset
                0x00000000        0xc timer.o
 .debug_info    0x00000000      0x151 timer.o
 .debug_abbrev  0x00000000      0x10d timer.o
 .debug_loc     0x00000000       0x39 timer.o
 .debug_aranges
                0x00000000       0x30 timer.o
 .debug_ranges  0x00000000       0x20 timer.o
 .debug_line    0x00000000      0x12c timer.o
 .debug_str     0x00000000      0x20e timer.o
 .comment       0x00000000       0x31 timer.o
 .debug_frame   0x00000000       0x44 timer.o
 .text          0x00000000        0x0 uart.o
 .data          0x00000000        0x0 uart.o
 .bss           0x00000000        0x0 uart.o
 .text.init_UART1
                0x00000000       0x38 uart.o
 .text.transmit_UART1
                0x00000000       0x10 uart.o
 .text.receive_UART1
                0x00000000       0x10 uart.o
 .text.receive_UART0
                0x00000000        0x8 uart.o
 .text.transmit_string_UART1
                0x00000000       0x2c uart.o
 .text.transmit_string_UART0
                0x00000000       0x18 uart.o
 .text          0x00000000        0x0 d:/7.0/toolchain/avr8/avr8-gnu-toolchain/bin/../lib/gcc/avr/5.4.0/avr51\libgcc.a(_exit.o)
 .data          0x00000000        0x0 d:/7.0/toolchain/avr8/avr8-gnu-toolchain/bin/../lib/gcc/avr/5.4.0/avr51\libgcc.a(_exit.o)
 .bss           0x00000000        0x0 d:/7.0/toolchain/avr8/avr8-gnu-toolchain/bin/../lib/gcc/avr/5.4.0/avr51\libgcc.a(_exit.o)
 .text.libgcc.mul
                0x00000000        0x0 d:/7.0/toolchain/avr8/avr8-gnu-toolchain/bin/../lib/gcc/avr/5.4.0/avr51\libgcc.a(_exit.o)
 .text.libgcc.div
                0x00000000        0x0 d:/7.0/toolchain/avr8/avr8-gnu-toolchain/bin/../lib/gcc/avr/5.4.0/avr51\libgcc.a(_exit.o)
 .text.libgcc   0x00000000        0x0 d:/7.0/toolchain/avr8/avr8-gnu-toolchain/bin/../lib/gcc/avr/5.4.0/avr51\libgcc.a(_exit.o)
 .text.libgcc.prologue
                0x00000000        0x0 d:/7.0/toolchain/avr8/avr8-gnu-toolchain/bin/../lib/gcc/avr/5.4.0/avr51\libgcc.a(_exit.o)
 .text.libgcc.builtins
                0x00000000        0x0 d:/7.0/toolchain/avr8/avr8-gnu-toolchain/bin/../lib/gcc/avr/5.4.0/avr51\libgcc.a(_exit.o)
 .text.libgcc.fmul
                0x00000000        0x0 d:/7.0/toolchain/avr8/avr8-gnu-toolchain/bin/../lib/gcc/avr/5.4.0/avr51\libgcc.a(_exit.o)
 .text.libgcc.fixed
                0x00000000        0x0 d:/7.0/toolchain/avr8/avr8-gnu-toolchain/bin/../lib/gcc/avr/5.4.0/avr51\libgcc.a(_exit.o)
 .text          0x00000000        0x0 d:/7.0/toolchain/avr8/avr8-gnu-toolchain/bin/../lib/gcc/avr/5.4.0/avr51\libgcc.a(_copy_data.o)
 .data          0x00000000        0x0 d:/7.0/toolchain/avr8/avr8-gnu-toolchain/bin/../lib/gcc/avr/5.4.0/avr51\libgcc.a(_copy_data.o)
 .bss           0x00000000        0x0 d:/7.0/toolchain/avr8/avr8-gnu-toolchain/bin/../lib/gcc/avr/5.4.0/avr51\libgcc.a(_copy_data.o)
 .text.libgcc.mul
                0x00000000        0x0 d:/7.0/toolchain/avr8/avr8-gnu-toolchain/bin/../lib/gcc/avr/5.4.0/avr51\libgcc.a(_copy_data.o)
 .text.libgcc.div
                0x00000000        0x0 d:/7.0/toolchain/avr8/avr8-gnu-toolchain/bin/../lib/gcc/avr/5.4.0/avr51\libgcc.a(_copy_data.o)
 .text.libgcc   0x00000000        0x0 d:/7.0/toolchain/avr8/avr8-gnu-toolchain/bin/../lib/gcc/avr/5.4.0/avr51\libgcc.a(_copy_data.o)
 .text.libgcc.prologue
                0x00000000        0x0 d:/7.0/toolchain/avr8/avr8-gnu-toolchain/bin/../lib/gcc/avr/5.4.0/avr51\libgcc.a(_copy_data.o)
 .text.libgcc.builtins
                0x00000000        0x0 d:/7.0/toolchain/avr8/avr8-gnu-toolchain/bin/../lib/gcc/avr/5.4.0/avr51\libgcc.a(_copy_data.o)
 .text.libgcc.fmul
                0x00000000        0x0 d:/7.0/toolchain/avr8/avr8-gnu-toolchain/bin/../lib/gcc/avr/5.4.0/avr51\libgcc.a(_copy_data.o)
 .text.libgcc.fixed
                0x00000000        0x0 d:/7.0/toolchain/avr8/avr8-gnu-toolchain/bin/../lib/gcc/avr/5.4.0/avr51\libgcc.a(_copy_data.o)

Memory Configuration

Name             Origin             Length             Attributes
text             0x00000000         0x00020000         xr
data             0x00800100         0x0000ff00         rw !x
eeprom           0x00810000         0x00010000         rw !x
fuse             0x00820000         0x00000003         rw !x
lock             0x00830000         0x00000400         rw !x
signature        0x00840000         0x00000400         rw !x
user_signatures  0x00850000         0x00000400         rw !x
*default*        0x00000000         0xffffffff

Linker script and memory map

Address of section .data set to 0x800100
LOAD D:/7.0/Packs/Atmel/ATmega_DFP/1.2.132/gcc/dev/atmega128a/avr51/crtatmega128a.o
LOAD i2c.o
LOAD led_tests.o
LOAD main.o
LOAD spi.o
LOAD timer.o
LOAD uart.o
START GROUP
LOAD d:/7.0/toolchain/avr8/avr8-gnu-toolchain/bin/../lib/gcc/avr/5.4.0/../../../../avr/lib/avr51\libm.a
END GROUP
START GROUP
LOAD d:/7.0/toolchain/avr8/avr8-gnu-toolchain/bin/../lib/gcc/avr/5.4.0/avr51\libgcc.a
LOAD d:/7.0/toolchain/avr8/avr8-gnu-toolchain/bin/../lib/gcc/avr/5.4.0/../../../../avr/lib/avr51\libm.a
LOAD d:/7.0/toolchain/avr8/avr8-gnu-toolchain/bin/../lib/gcc/avr/5.4.0/../../../../avr/lib/avr51\libc.a
LOAD D:/7.0/Packs/Atmel/ATmega_DFP/1.2.132/gcc/dev/atmega128a/avr51\libatmega128a.a
END GROUP
                0x00020000                __TEXT_REGION_LENGTH__ = DEFINED (__TEXT_REGION_LENGTH__)?__TEXT_REGION_LENGTH__:0x20000
                0x0000ff00                __DATA_REGION_LENGTH__ = DEFINED (__DATA_REGION_LENGTH__)?__DATA_REGION_LENGTH__:0xff00
                0x00010000                __EEPROM_REGION_LENGTH__ = DEFINED (__EEPROM_REGION_LENGTH__)?__EEPROM_REGION_LENGTH__:0x10000
                [0x00000003]                __FUSE_REGION_LENGTH__ = DEFINED (__FUSE_REGION_LENGTH__)?__FUSE_REGION_LENGTH__:0x400
                0x00000400                __LOCK_REGION_LENGTH__ = DEFINED (__LOCK_REGION_LENGTH__)?__LOCK_REGION_LENGTH__:0x400
                0x00000400                __SIGNATURE_REGION_LENGTH__ = DEFINED (__SIGNATURE_REGION_LENGTH__)?__SIGNATURE_REGION_LENGTH__:0x400
                0x00000400                __USER_SIGNATURE_REGION_LENGTH__ = DEFINED (__USER_SIGNATURE_REGION_LENGTH__)?__USER_SIGNATURE_REGION_LENGTH__:0x400

.hash
 *(.hash)

.dynsym
 *(.dynsym)

.dynstr
 *(.dynstr)

.gnu.version
 *(.gnu.version)

.gnu.version_d
 *(.gnu.version_d)

.gnu.version_r
 *(.gnu.version_r)

.rel.init
 *(.rel.init)

.rela.init
 *(.rela.init)

.rel.text
 *(.rel.text)
 *(.rel.text.*)
 *(.rel.gnu.linkonce.t*)

.rela.text
 *(.rela.text)
 *(.rela.text.*)
 *(.rela.gnu.linkonce.t*)

.rel.fini
 *(.rel.fini)

.rela.fini
 *(.rela.fini)

.rel.rodata
 *(.rel.rodata)
 *(.rel.rodata.*)
 *(.rel.gnu.linkonce.r*)

.rela.rodata
 *(.rela.rodata)
 *(.rela.rodata.*)
 *(.rela.gnu.linkonce.r*)

.rel.data
 *(.rel.data)
 *(.rel.data.*)
 *(.rel.gnu.linkonce.d*)

.rela.data
 *(.rela.data)
 *(.rela.data.*)
 *(.rela.gnu.linkonce.d*)

.rel.ctors
 *(.rel.ctors)

.rela.ctors
 *(.rela.ctors)

.rel.dtors
 *(.rel.dtors)

.rela.dtors
 *(.rela.dtors)

.rel.got
 *(.rel.got)

.rela.got
 *(.rela.got)

.rel.bss
 *(.rel.bss)

.rela.bss
 *(.rela.bss)

.rel.plt
 *(.rel.plt)

.rela.plt
 *(.rela.plt)

.text           0x00000000      0x2c4
 *(.vectors)
 .vectors       0x00000000       0x8c D:/7.0/Packs/Atmel/ATmega_DFP/1.2.132/gcc/dev/atmega128a/avr51/crtatmega128a.o
                0x00000000                __vector_default
                0x00000000                __vectors
 *(.vectors)
 *(.progmem.gcc*)
                0x0000008c                . = ALIGN (0x2)
                0x0000008c                __trampolines_start = .
 *(.trampolines)
 .trampolines   0x0000008c        0x0 linker stubs
 *(.trampolines*)
                0x0000008c                __trampolines_end = .
 *libprintf_flt.a:*(.progmem.data)
 *libc.a:*(.progmem.data)
 *(.progmem*)
                0x0000008c                . = ALIGN (0x2)
 *(.jumptables)
 *(.jumptables*)
 *(.lowtext)
 *(.lowtext*)
                0x0000008c                __ctors_start = .
 *(.ctors)
                0x0000008c                __ctors_end = .
                0x0000008c                __dtors_start = .
 *(.dtors)
                0x0000008c                __dtors_end = .
 SORT(*)(.ctors)
 SORT(*)(.dtors)
 *(.init0)
 .init0         0x0000008c        0x0 D:/7.0/Packs/Atmel/ATmega_DFP/1.2.132/gcc/dev/atmega128a/avr51/crtatmega128a.o
                0x0000008c                __init
 *(.init0)
 *(.init1)
 *(.init1)
 *(.init2)
 .init2         0x0000008c        0xc D:/7.0/Packs/Atmel/ATmega_DFP/1.2.132/gcc/dev/atmega128a/avr51/crtatmega128a.o
 *(.init2)
 *(.init3)
 *(.init3)
 *(.init4)
 .init4         0x00000098       0x1a d:/7.0/toolchain/avr8/avr8-gnu-toolchain/bin/../lib/gcc/avr/5.4.0/avr51\libgcc.a(_copy_data.o)
                0x00000098                __do_copy_data
 *(.init4)
 *(.init5)
 *(.init5)
 *(.init6)
 *(.init6)
 *(.init7)
 *(.init7)
 *(.init8)
 *(.init8)
 *(.init9)
 .init9         0x000000b2        0x4 D:/7.0/Packs/Atmel/ATmega_DFP/1.2.132/gcc/dev/atmega128a/avr51/crtatmega128a.o
 *(.init9)
 *(.text)
 .text          0x000000b6        0x2 D:/7.0/Packs/Atmel/ATmega_DFP/1.2.132/gcc/dev/atmega128a/avr51/crtatmega128a.o
                0x000000b6                __vector_22
                0x000000b6                __vector_28
                0x000000b6                __vector_1
                0x000000b6                __vector_32
                0x000000b6                __vector_34
                0x000000b6                __vector_24
                0x000000b6                __vector_12
                0x000000b6                __bad_interrupt
                0x000000b6                __vector_6
                0x000000b6                __vector_31
                0x000000b6                __vector_3
                0x000000b6                __vector_23
                0x000000b6                __vector_30
                0x000000b6                __vector_25
                0x000000b6                __vector_11
                0x000000b6                __vector_13
                0x000000b6                __vector_17
                0x000000b6                __vector_19
                0x000000b6                __vector_7
                0x000000b6                __vector_27
                0x000000b6                __vector_5
                0x000000b6                __vector_33
                0x000000b6                __vector_4
                0x000000b6                __vector_9
                0x000000b6                __vector_2
                0x000000b6                __vector_21
                0x000000b6                __vector_15
                0x000000b6                __vector_29
                0x000000b6                __vector_8
                0x000000b6                __vector_26
                0x000000b6                __vector_14
                0x000000b6                __vector_10
                0x000000b6                __vector_16
                0x000000b6                __vector_18
                0x000000b6                __vector_20
                0x000000b8                . = ALIGN (0x2)
 *(.text.*)
 .text.TWI_init_master
                0x000000b8       0x10 i2c.o
                0x000000b8                TWI_init_master
 .text.TWI_start
                0x000000c8       0x1c i2c.o
                0x000000c8                TWI_start
 .text.TWI_write_address
                0x000000e4       0x48 i2c.o
                0x000000e4                TWI_write_address
 .text.TWI_write_data
                0x0000012c       0x90 i2c.o
                0x0000012c                TWI_write_data
 .text.TWI_stop
                0x000001bc       0x12 i2c.o
                0x000001bc                TWI_stop
 .text.main     0x000001ce       0xc8 main.o
                0x000001ce                main
 .text.init_UART0
                0x00000296       0x22 uart.o
                0x00000296                init_UART0
 .text.transmit_UART0
                0x000002b8        0x8 uart.o
                0x000002b8                transmit_UART0
                0x000002c0                . = ALIGN (0x2)
 *(.fini9)
 .fini9         0x000002c0        0x0 d:/7.0/toolchain/avr8/avr8-gnu-toolchain/bin/../lib/gcc/avr/5.4.0/avr51\libgcc.a(_exit.o)
                0x000002c0                _exit
                0x000002c0                exit
 *(.fini9)
 *(.fini8)
 *(.fini8)
 *(.fini7)
 *(.fini7)
 *(.fini6)
 *(.fini6)
 *(.fini5)
 *(.fini5)
 *(.fini4)
 *(.fini4)
 *(.fini3)
 *(.fini3)
 *(.fini2)
 *(.fini2)
 *(.fini1)
 *(.fini1)
 *(.fini0)
 .fini0         0x000002c0        0x4 d:/7.0/toolchain/avr8/avr8-gnu-toolchain/bin/../lib/gcc/avr/5.4.0/avr51\libgcc.a(_exit.o)
 *(.fini0)
                0x000002c4                _etext = .

.data           0x00800100        0x0 load address 0x000002c4
                0x00800100                PROVIDE (__data_start, .)
 *(.data)
 *(.data*)
 *(.rodata)
 *(.rodata*)
 *(.gnu.linkonce.d*)
                0x00800100                . = ALIGN (0x2)
                0x00800100                _edata = .
                0x00800100                PROVIDE (__data_end, .)

.bss            0x00800100        0x0
                [!provide]                PROVIDE (__bss_start, .)
 *(.bss)
 *(.bss*)
 *(COMMON)
                [!provide]                PROVIDE (__bss_end, .)
                0x000002c4                __data_load_start = LOADADDR (.data)
                0x000002c4                __data_load_end = (__data_load_start + SIZEOF (.data))

.noinit         0x00800100        0x0
                [!provide]                PROVIDE (__noinit_start, .)
 *(.noinit*)
                [!provide]                PROVIDE (__noinit_end, .)
                0x00800100                _end = .
                [!provide]                PROVIDE (__heap_start, .)

.eeprom         0x00810000        0x0
 *(.eeprom*)
                0x00810000                __eeprom_end = .

.fuse
 *(.fuse)
 *(.lfuse)
 *(.hfuse)
 *(.efuse)

.lock
 *(.lock*)

.signature
 *(.signature*)

.user_signatures
 *(.user_signatures*)

.stab
 *(.stab)

.stabstr
 *(.stabstr)

.stab.excl
 *(.stab.excl)

.stab.exclstr
 *(.stab.exclstr)

.stab.index
 *(.stab.index)

.stab.indexstr
 *(.stab.indexstr)

.comment        0x00000000       0x30
 *(.comment)
 .comment       0x00000000       0x30 i2c.o
                                 0x31 (size before relaxing)
 .comment       0x00000030       0x31 main.o
 .comment       0x00000030       0x31 uart.o

.note.gnu.avr.deviceinfo
                0x00000000       0x40
 .note.gnu.avr.deviceinfo
                0x00000000       0x40 D:/7.0/Packs/Atmel/ATmega_DFP/1.2.132/gcc/dev/atmega128a/avr51/crtatmega128a.o

.note.gnu.build-id
 *(.note.gnu.build-id)

.debug
 *(.debug)

.line
 *(.line)

.debug_srcinfo
 *(.debug_srcinfo)

.debug_sfnames
 *(.debug_sfnames)

.debug_aranges  0x00000000       0xd0
 *(.debug_aranges)
 .debug_aranges
                0x00000000       0x58 i2c.o
 .debug_aranges
                0x00000058       0x20 main.o
 .debug_aranges
                0x00000078       0x58 uart.o

.debug_pubnames
 *(.debug_pubnames)

.debug_info     0x00000000      0xf92
 *(.debug_info .gnu.linkonce.wi.*)
 .debug_info    0x00000000      0x780 D:/7.0/Packs/Atmel/ATmega_DFP/1.2.132/gcc/dev/atmega128a/avr51/crtatmega128a.o
 .debug_info    0x00000780      0x28b i2c.o
 .debug_info    0x00000a0b      0x3e2 main.o
 .debug_info    0x00000ded      0x1a5 uart.o

.debug_abbrev   0x00000000      0xabb
 *(.debug_abbrev)
 .debug_abbrev  0x00000000      0x718 D:/7.0/Packs/Atmel/ATmega_DFP/1.2.132/gcc/dev/atmega128a/avr51/crtatmega128a.o
 .debug_abbrev  0x00000718      0x168 i2c.o
 .debug_abbrev  0x00000880      0x145 main.o
 .debug_abbrev  0x000009c5       0xf6 uart.o

.debug_line     0x00000000      0x83f
 *(.debug_line .debug_line.* .debug_line_end)
 .debug_line    0x00000000      0x169 D:/7.0/Packs/Atmel/ATmega_DFP/1.2.132/gcc/dev/atmega128a/avr51/crtatmega128a.o
 .debug_line    0x00000169      0x2e1 i2c.o
 .debug_line    0x0000044a      0x1fb main.o
 .debug_line    0x00000645      0x1fa uart.o

.debug_frame    0x00000000      0x1a4
 *(.debug_frame)
 .debug_frame   0x00000000       0xd4 i2c.o
 .debug_frame   0x000000d4       0x24 main.o
 .debug_frame   0x000000f8       0xac uart.o

.debug_str      0x00000000      0x56c
 *(.debug_str)
 .debug_str     0x00000000      0x27d D:/7.0/Packs/Atmel/ATmega_DFP/1.2.132/gcc/dev/atmega128a/avr51/crtatmega128a.o
 .debug_str     0x0000027d      0x255 i2c.o
                                0x293 (size before relaxing)
 .debug_str     0x000004d2       0x1c main.o
                                0x25d (size before relaxing)
 .debug_str     0x000004ee       0x7e uart.o
                                0x240 (size before relaxing)

.debug_loc      0x00000000      0x400
 *(.debug_loc)
 .debug_loc     0x00000000      0x1d0 i2c.o
 .debug_loc     0x000001d0      0x168 main.o
 .debug_loc     0x00000338       0xc8 uart.o

.debug_macinfo
 *(.debug_macinfo)

.debug_weaknames
 *(.debug_weaknames)

.debug_funcnames
 *(.debug_funcnames)

.debug_typenames
 *(.debug_typenames)

.debug_varnames
 *(.debug_varnames)

.debug_pubtypes
 *(.debug_pubtypes)

.debug_ranges   0x00000000       0xa0
 *(.debug_ranges)
 .debug_ranges  0x00000000       0x48 i2c.o
 .debug_ranges  0x00000048       0x10 main.o
 .debug_ranges  0x00000058       0x48 uart.o

.debug_macro
 *(.debug_macro)
OUTPUT(OBCm--OBCm-Power.elf elf32-avr)
LOAD linker stubs
